
T5820.hs:3:10: warning: [-Wmissing-methods]
    • No explicit implementation for
        either ‘==’ or ‘/=’
    • In the instance declaration for ‘Eq Foo’
