
ds053.hs:5:1: warning: [-Wunused-local-binds]
    Defined but not used: ‘f’
