
==================== Tidy Core ====================
Result size of Tidy Core
  = {terms: 83, types: 49, coercions: 1, joins: 0/0}

-- RHS size: {terms: 2, types: 4, coercions: 1, joins: 0/0}
T2431.$WRefl [InlPrag=INLINE] :: forall a. a :~: a
[GblId[DataConWrapper],
 Caf=NoCafRefs,
 Str=m,
 Unf=Unf{Src=InlineStable, TopLvl=True, Value=True, ConLike=True,
         WorkFree=True, Expandable=True,
         Guidance=ALWAYS_IF(arity=0,unsat_ok=True,boring_ok=False)
         Tmpl= \ (@ a) ->
                 T2431.Refl @ a @ a @~ (<a>_N :: (a :: *) GHC.Prim.~# (a :: *))}]
T2431.$WRefl =
  \ (@ a) ->
    T2431.Refl @ a @ a @~ (<a>_N :: (a :: *) GHC.Prim.~# (a :: *))

-- RHS size: {terms: 4, types: 8, coercions: 0, joins: 0/0}
absurd :: forall a. (Int :~: Bool) -> a
[GblId, Arity=1, Caf=NoCafRefs, Str=<L,U>x]
absurd = \ (@ a) (x :: Int :~: Bool) -> case x of { }

-- RHS size: {terms: 1, types: 0, coercions: 0, joins: 0/0}
$trModule1 :: GHC.Prim.Addr#
[GblId, Caf=NoCafRefs]
$trModule1 = "main"#

-- RHS size: {terms: 2, types: 0, coercions: 0, joins: 0/0}
$trModule2 :: GHC.Types.TrName
[GblId, Caf=NoCafRefs]
$trModule2 = GHC.Types.TrNameS $trModule1

-- RHS size: {terms: 1, types: 0, coercions: 0, joins: 0/0}
$trModule3 :: GHC.Prim.Addr#
[GblId, Caf=NoCafRefs]
$trModule3 = "T2431"#

-- RHS size: {terms: 2, types: 0, coercions: 0, joins: 0/0}
$trModule4 :: GHC.Types.TrName
[GblId, Caf=NoCafRefs]
$trModule4 = GHC.Types.TrNameS $trModule3

-- RHS size: {terms: 3, types: 0, coercions: 0, joins: 0/0}
T2431.$trModule :: GHC.Types.Module
[GblId, Caf=NoCafRefs]
T2431.$trModule = GHC.Types.Module $trModule2 $trModule4

-- RHS size: {terms: 1, types: 0, coercions: 0, joins: 0/0}
$tc:~:1 :: GHC.Prim.Addr#
[GblId, Caf=NoCafRefs]
$tc:~:1 = ":~:"#

-- RHS size: {terms: 2, types: 0, coercions: 0, joins: 0/0}
$tc:~:2 :: GHC.Types.TrName
[GblId, Caf=NoCafRefs]
$tc:~:2 = GHC.Types.TrNameS $tc:~:1

-- RHS size: {terms: 2, types: 0, coercions: 0, joins: 0/0}
$tc:~:3 :: GHC.Types.KindRep
[GblId, Caf=NoCafRefs]
$tc:~:3 = GHC.Types.KindRepTYPE GHC.Types.LiftedRep

-- RHS size: {terms: 2, types: 0, coercions: 0, joins: 0/0}
$tc:~:4 :: GHC.Types.KindRep
[GblId, Caf=NoCafRefs]
$tc:~:4 = GHC.Types.KindRepTYPE GHC.Types.LiftedRep

-- RHS size: {terms: 2, types: 0, coercions: 0, joins: 0/0}
$tc:~:5 :: GHC.Types.KindRep
[GblId, Caf=NoCafRefs]
$tc:~:5 = GHC.Types.KindRepTYPE GHC.Types.LiftedRep

-- RHS size: {terms: 3, types: 0, coercions: 0, joins: 0/0}
$tc:~:6 :: GHC.Types.KindRep
[GblId, Caf=NoCafRefs]
$tc:~:6 = GHC.Types.KindRepFun $tc:~:4 $tc:~:5

-- RHS size: {terms: 3, types: 0, coercions: 0, joins: 0/0}
$tc:~:7 :: GHC.Types.KindRep
[GblId, Caf=NoCafRefs]
$tc:~:7 = GHC.Types.KindRepFun $tc:~:3 $tc:~:6

-- RHS size: {terms: 7, types: 0, coercions: 0, joins: 0/0}
T2431.$tc:~: :: GHC.Types.TyCon
[GblId, Caf=NoCafRefs]
T2431.$tc:~: =
  GHC.Types.TyCon
    4608886815921030019##
    6030312177285011233##
    T2431.$trModule
    $tc:~:2
    0#
    $tc:~:7

-- RHS size: {terms: 1, types: 0, coercions: 0, joins: 0/0}
$tc'Refl1 :: GHC.Prim.Addr#
[GblId, Caf=NoCafRefs]
$tc'Refl1 = "'Refl"#

-- RHS size: {terms: 2, types: 0, coercions: 0, joins: 0/0}
$tc'Refl2 :: GHC.Types.TrName
[GblId, Caf=NoCafRefs]
$tc'Refl2 = GHC.Types.TrNameS $tc'Refl1

-- RHS size: {terms: 2, types: 0, coercions: 0, joins: 0/0}
$tc'Refl3 :: GHC.Types.KindRep
[GblId, Caf=NoCafRefs]
$tc'Refl3 = GHC.Types.KindRepVar 0#

-- RHS size: {terms: 2, types: 0, coercions: 0, joins: 0/0}
$tc'Refl4 :: GHC.Types.KindRep
[GblId, Caf=NoCafRefs]
$tc'Refl4 = GHC.Types.KindRepVar 0#

-- RHS size: {terms: 3, types: 2, coercions: 0, joins: 0/0}
$tc'Refl5 :: [GHC.Types.KindRep]
[GblId, Caf=NoCafRefs]
$tc'Refl5 =
  GHC.Types.:
    @ GHC.Types.KindRep $tc'Refl4 (GHC.Types.[] @ GHC.Types.KindRep)

-- RHS size: {terms: 3, types: 1, coercions: 0, joins: 0/0}
$tc'Refl6 :: [GHC.Types.KindRep]
[GblId, Caf=NoCafRefs]
$tc'Refl6 = GHC.Types.: @ GHC.Types.KindRep $tc'Refl3 $tc'Refl5

-- RHS size: {terms: 3, types: 0, coercions: 0, joins: 0/0}
$tc'Refl7 :: GHC.Types.KindRep
[GblId, Caf=NoCafRefs]
$tc'Refl7 = GHC.Types.KindRepTyConApp T2431.$tc:~: $tc'Refl6

-- RHS size: {terms: 7, types: 0, coercions: 0, joins: 0/0}
T2431.$tc'Refl :: GHC.Types.TyCon
[GblId, Caf=NoCafRefs]
T2431.$tc'Refl =
  GHC.Types.TyCon
    2478588351447975921##
    2684375695874497811##
    T2431.$trModule
    $tc'Refl2
    1#
    $tc'Refl7



