
records3.hs:10:7: error:
    Variable not in scope: a :: Maybe Bool -> t
