
records-mixing-fields.hs:1:1: error:
    The IO action ‘main’ is not defined in module ‘Main’

records-mixing-fields.hs:10:14: error:
    Mixture of pattern and record synonym selectors
    In the expression: a {f1 = 1, qux = "two"}
    In an equation for ‘updater1’: updater1 a = a {f1 = 1, qux = "two"}

records-mixing-fields.hs:12:14: error:
    Mixture of pattern and record synonym selectors
    In the expression: a {f1 = 1, foo = 2}
    In an equation for ‘updater2’: updater2 a = a {f1 = 1, foo = 2}
