good: (Int)
good: Int# :: ((TYPE :: ((RuntimeRep) -> (*))) ('IntRep :: (RuntimeRep)))
good: IO :: ((*) -> (*))
good: Maybe :: ((*) -> (*))
good: TYPE :: ((RuntimeRep) -> (*))
good: (RuntimeRep)
good: 'IntRep :: (RuntimeRep)
good: -> :: ((*) -> ((*) -> (*)))
good: ((Proxy :: ((*) -> (*))) (Int))
good: ((Proxy :: (((TYPE :: ((RuntimeRep) -> (*))) ('IntRep :: (RuntimeRep))) -> (*))) (Int# :: ((TYPE :: ((RuntimeRep) -> (*))) ('IntRep :: (RuntimeRep)))))
good: (*)
good: ((Int) -> (Int))
good: 5 :: (Nat)
good: "hello world" :: (Symbol)
good: ('Just :: ((Nat) -> ((Maybe :: ((*) -> (*))) (Nat)))) (5 :: (Nat)) :: ((Maybe :: ((*) -> (*))) (Nat))
