
Mod128_A.hs:2:19: warning: [-Wduplicate-exports]
    ‘T’ is exported by ‘T(Con)’ and ‘T’
