
mod176.hs:4:1: warning: [-Wunused-imports]
    The import of ‘Monad, return’
    from module ‘Control.Monad’ is redundant
