
T7454.hs:5:1: warning: [-Wunused-imports]
    The import of ‘Arrow’ from module ‘Control.Arrow’ is redundant
