
T8149.hs:5:1: warning: [-Wunused-imports]
    The import of ‘WriterT’
    from module ‘Control.Monad.Trans.Writer’ is redundant
