
mc10.hs:14:11: warning: [-Wunused-local-binds]
    Defined but not used: ‘y’
