
rn047.hs:12:11: warning: [-Wunused-local-binds]
    Defined but not used: ‘y’
