
T17a.hs:8:1: warning: [-Wunused-local-binds]
    Defined but not used: ‘top’
