
T17c.hs:11:11: warning: [-Wunused-pattern-binds]
    This pattern-binding binds no variables: True = True
