
T17d.hs:14:5: warning: [-Wunused-local-binds]
    Defined but not used: ‘match’
