
T17e.hs:8:1: warning: [-Wunused-local-binds]
    Defined but not used: ‘top’

T17e.hs:11:11: warning: [-Wunused-pattern-binds]
    This pattern-binding binds no variables: True = True

T17e.hs:17:12: warning: [-Wunused-local-binds]
    Defined but not used: ‘local’
