
T3371.hs:10:14: warning: [-Wunused-local-binds]
    Defined but not used: ‘a’
