
T3449.hs-boot:8:1: warning: [-Wunused-local-binds]
    Defined but not used: ‘unused’
