
T7145b.hs:7:1: warning: [-Wunused-local-binds]
    Defined but not used: ‘pure’
