
T7167.hs:5:1: warning: [-Wdodgy-imports]
    Module ‘Data.List’ does not export ‘foo’
