[
{"span": {"file": "json.hs", "startLine": 6, "startCol": 7, "endLine": 6, "endCol": 8}, "doc": "" No instance for (Num (a -> a)) arising from the literal 5\n    (maybe you haven't applied a function to enough arguments?)\n" In the expression: 5\n  In an equation for id1: id1 = 5", "severity": "SevError", "reason": null}]

