
NoParent.hs:2:18: error:
    • The type constructor ‘A’ is not the parent of the record selector ‘x’.
      Record selectors can only be exported with their parent type constructor.
    • In the export: A(x)
