[1 of 2] Compiling ModuleA          (.hs -> .o)
[2 of 2] Compiling Module           (.hs -> .o)
