
ty-mismatch.hs:3:1: error:
    • The result type of Just and Left do not match
    • In {-# COMPLETE Just, Left #-}
