
HasKey.hs:22:10: warning: [-Wmissing-methods]
    • No explicit implementation for
        either ‘compare’ or ‘<=’
    • In the instance declaration for ‘Ord (Keyed x)’
