
T2497.hs:22:1: warning: [-Wunused-local-binds]
    Defined but not used: ‘beq’
