
tc161.hs:17:10: warning: [-Wmissing-methods]
    • No explicit implementation for
        ‘op’
    • In the instance declaration for ‘Foo Int’
