
tc243.hs:10:1: warning: [-Wmissing-signatures]
    Top-level binding with no type signature: (.+.) :: forall a. a
