
tc254.hs:8:1: warning: [-Wmissing-methods]
    • No explicit associated type or default declaration for      ‘Typ’
    • In the instance declaration for ‘Cls Int’
