
drvfail006.hs:7:1: error:
    Failed to load interface for ‘Control.Monad.State’
    Perhaps you meant
      Control.Monad.Fail (from base-4.9.0.0)
      Control.Monad.ST (from base-4.9.0.0)
      Control.Monad.ST.Safe (from base-4.9.0.0)
    Use -v to see a list of the files searched for.
