
T3621.hs:23:43: error:
    Duplicate instance declarations:
      instance MonadState state (WrappedState s)
        -- Defined at T3621.hs:23:43
      instance MonadState state (State s) =>
               MonadState state (WrappedState s)
        -- Defined at T3621.hs:26:1
