
B.hs:7:10: warning: [-Wmissing-methods]
    • No explicit implementation for
        ‘row’
    • In the instance declaration for ‘Matrix Bool Val’
