
Class3.hs:7:10: warning: [-Wmissing-methods]
    • No explicit implementation for
        ‘foo’
    • In the instance declaration for ‘C ()’
