
T3023.hs:18:1: warning: [-Wmissing-signatures]
    Top-level binding with no type signature: bar :: Bool -> Bool
