
==================== Tidy Core ====================
Result size of Tidy Core
  = {terms: 84, types: 51, coercions: 0, joins: 0/0}

-- RHS size: {terms: 1, types: 0, coercions: 0, joins: 0/0}
T4908.$trModule4 :: Addr#
[GblId,
 Caf=NoCafRefs,
 Str=t,
 Unf=Unf{Src=<vanilla>, TopLvl=True, Value=True, ConLike=True,
         WorkFree=True, Expandable=True, Guidance=IF_ARGS [] 20 0}]
T4908.$trModule4 = "main"#

-- RHS size: {terms: 2, types: 0, coercions: 0, joins: 0/0}
T4908.$trModule3 :: TrName
[GblId,
 Caf=NoCafRefs,
 Str=tm1,
 Unf=Unf{Src=<vanilla>, TopLvl=True, Value=True, ConLike=True,
         WorkFree=True, Expandable=True, Guidance=IF_ARGS [] 10 20}]
T4908.$trModule3 = GHC.Types.TrNameS T4908.$trModule4

-- RHS size: {terms: 1, types: 0, coercions: 0, joins: 0/0}
T4908.$trModule2 :: Addr#
[GblId,
 Caf=NoCafRefs,
 Str=t,
 Unf=Unf{Src=<vanilla>, TopLvl=True, Value=True, ConLike=True,
         WorkFree=True, Expandable=True, Guidance=IF_ARGS [] 30 0}]
T4908.$trModule2 = "T4908"#

-- RHS size: {terms: 2, types: 0, coercions: 0, joins: 0/0}
T4908.$trModule1 :: TrName
[GblId,
 Caf=NoCafRefs,
 Str=tm1,
 Unf=Unf{Src=<vanilla>, TopLvl=True, Value=True, ConLike=True,
         WorkFree=True, Expandable=True, Guidance=IF_ARGS [] 10 20}]
T4908.$trModule1 = GHC.Types.TrNameS T4908.$trModule2

-- RHS size: {terms: 3, types: 0, coercions: 0, joins: 0/0}
T4908.$trModule :: Module
[GblId,
 Caf=NoCafRefs,
 Str=tm(tm1,tm1),
 Unf=Unf{Src=<vanilla>, TopLvl=True, Value=True, ConLike=True,
         WorkFree=True, Expandable=True, Guidance=IF_ARGS [] 10 30}]
T4908.$trModule
  = GHC.Types.Module T4908.$trModule3 T4908.$trModule1

-- RHS size: {terms: 2, types: 0, coercions: 0, joins: 0/0}
T4908.f1 :: Int
[GblId,
 Caf=NoCafRefs,
 Str=tm(t),
 Unf=Unf{Src=<vanilla>, TopLvl=True, Value=True, ConLike=True,
         WorkFree=True, Expandable=True, Guidance=IF_ARGS [] 10 20}]
T4908.f1 = GHC.Types.I# 1#

Rec {
-- RHS size: {terms: 24, types: 8, coercions: 0, joins: 0/0}
T4908.f_$s$wf [Occ=LoopBreaker] :: Int -> Int# -> Int# -> (# #)
[GblId, Arity=3, Str=<L,A><L,1*U><S,1*U>m()]
T4908.f_$s$wf
  = \ (sc :: Int) (sc1 :: Int#) (sc2 :: Int#) ->
      case sc2 of ds {
        __DEFAULT ->
          case sc1 of ds1 {
            __DEFAULT ->
              case - @ Int GHC.Num.$fNumInt (GHC.Types.I# ds) T4908.f1 of
              { I# ww1 ->
              T4908.f_$s$wf sc ds1 ww1
              };
            0# -> GHC.Prim.(##)
          };
        0# -> GHC.Prim.(##)
      }
end Rec }

-- RHS size: {terms: 29, types: 16, coercions: 0, joins: 0/0}
T4908.$wf [InlPrag=NOUSERINLINE[0]] :: Int# -> (Int, Int) -> (# #)
[GblId,
 Arity=2,
 Str=<S,1*U><L,1*U(A,1*U(1*U))>m(),
 Unf=Unf{Src=<vanilla>, TopLvl=True, Value=True, ConLike=True,
         WorkFree=True, Expandable=True, Guidance=IF_ARGS [30 20] 160 20}]
T4908.$wf
  = \ (ww :: Int#) (w :: (Int, Int)) ->
      case ww of ds {
        __DEFAULT ->
          case w of { (a, b) ->
          case b of { I# ds1 ->
          case ds1 of ds2 {
            __DEFAULT ->
              case - @ Int GHC.Num.$fNumInt (GHC.Types.I# ds) T4908.f1 of
              { I# ww2 ->
              T4908.f_$s$wf a ds2 ww2
              };
            0# -> GHC.Prim.(##)
          }
          }
          };
        0# -> GHC.Prim.(##)
      }

-- RHS size: {terms: 11, types: 7, coercions: 0, joins: 0/0}
f [InlPrag=NOUSERINLINE[0]] :: Int -> (Int, Int) -> Bool
[GblId,
 Arity=2,
 Str=<S(S),1*U(1*U)><L,1*U(A,1*U(1*U))>m2,
 Unf=Unf{Src=InlineStable, TopLvl=True, Value=True, ConLike=True,
         WorkFree=True, Expandable=True,
         Guidance=ALWAYS_IF(arity=2,unsat_ok=True,boring_ok=False)
         Tmpl= \ (w [Occ=Once!] :: Int) (w1 [Occ=Once] :: (Int, Int)) ->
                 case w of { I# ww1 [Occ=Once] ->
                 case T4908.$wf ww1 w1 of { (# #) -> GHC.Types.True }
                 }}]
f = \ (w :: Int) (w1 :: (Int, Int)) ->
      case w of { I# ww1 ->
      case T4908.$wf ww1 w1 of { (# #) -> GHC.Types.True }
      }


------ Local rules for imported ids --------
"SC:$wf0" [0]
    forall (sc :: Int) (sc1 :: Int#) (sc2 :: Int#).
      T4908.$wf sc2 (sc, GHC.Types.I# sc1)
      = T4908.f_$s$wf sc sc1 sc2


