p = T8274.Positives 42# 4.23# 4.23## '4'# 4##
n = T8274.Negatives -4# -4.0# -4.0##
T8274.$trModule4 :: Addr#
T8274.$trModule4 = "main"#
T8274.$trModule2 :: Addr#
T8274.$trModule2 = "T8274"#
T8274.$tcP2 :: Addr#
T8274.$tcP2 = "P"#
T8274.$tcP = GHC.Types.TyCon 7483823267324216774## 12197132127820124256## T8274.$trModule T8274.$tcP1 0# T8274.$tcN1
T8274.$tc'Positives10 :: Addr#
T8274.$tc'Positives10 = "'Positives"#
T8274.$tc'Negatives7 = GHC.Types.KindRepTyConApp GHC.Types.$tcInt# (GHC.Types.[] @ GHC.Types.KindRep)
T8274.$tc'Negatives6 = GHC.Types.KindRepTyConApp GHC.Types.$tcFloat# (GHC.Types.[] @ GHC.Types.KindRep)
T8274.$tc'Negatives5 = GHC.Types.KindRepTyConApp GHC.Types.$tcDouble# (GHC.Types.[] @ GHC.Types.KindRep)
T8274.$tc'Positives8 = GHC.Types.KindRepTyConApp GHC.Types.$tcChar# (GHC.Types.[] @ GHC.Types.KindRep)
T8274.$tc'Positives7 = GHC.Types.KindRepTyConApp GHC.Types.$tcWord# (GHC.Types.[] @ GHC.Types.KindRep)
  GHC.Types.TyCon 14886798270706315033## 15735393004803600911## T8274.$trModule T8274.$tc'Positives9 0# T8274.$tc'Positives1
T8274.$tcN3 :: Addr#
T8274.$tcN3 = "N"#
T8274.$tcN = GHC.Types.TyCon 17387464673997143412## 16681536026493340311## T8274.$trModule T8274.$tcN2 0# T8274.$tcN1
T8274.$tc'Negatives9 :: Addr#
T8274.$tc'Negatives9 = "'Negatives"#
  GHC.Types.TyCon 14330047746189143983## 12207513731214201811## T8274.$trModule T8274.$tc'Negatives8 0# T8274.$tc'Negatives1
