
T1357.hs:5:1: warning: [-Wdodgy-foreign-imports]
    possible missing & in foreign import of FunPtr
